<html>
<body>
<pre>
<h1>µVision Build Log</h1>
<h2>Tool Versions:</h2>
IDE-Version: ¦ÌVision V5.15
Copyright (C) 2015 ARM Ltd and ARM Germany GmbH. All rights reserved.
License Information:  ,  , LIC=CZLZX-H5KXU-56VQ2-9L53W-4XURV-1FU1L
 
Tool Versions:
Toolchain:       MDK-ARM Standard  Version: 5.15.0
Toolchain Path:  C:\Software\Keil_v5\ARM\ARMCC\Bin
C Compiler:      Armcc.exe V5.05 update 2 (build 169)
Assembler:       Armasm.exe V5.05 update 2 (build 169)
Linker/Locator:  ArmLink.exe V5.05 update 2 (build 169)
Library Manager: ArmAr.exe V5.05 update 2 (build 169)
Hex Converter:   FromElf.exe V5.05 update 2 (build 169)
CPU DLL:         SARMCM3.DLL V5.15.0
Dialog DLL:      DCM.DLL V1.13.2.0
Target DLL:      CMSIS_AGDI.dll V1.21.12.0
Dialog DLL:      TCM.DLL V1.14.5.0
 
<h2>Project:</h2>
C:\Library\Doing\Project\03FWlib-LED-Homework\F103.uvprojx
Project File Date:  06/14/2022

<h2>Output:</h2>
*** Using Compiler 'V5.05 update 2 (build 169)', folder: 'C:\Software\Keil_v5\ARM\ARMCC\Bin'
Build target 'Templata-REG'
compiling main.c...
stm32f10x.h(25): warning:  #47-D: incompatible redefinition of macro "RCC_APB2ENR" (declared at line 9)
  #define RCC_APB2ENR       *(unsigned int*)(RCC_BASE + 0x18)
main.c(8): warning:  #68-D: integer conversion resulted in a change of sign
      
PIOB->CRL &= ~(0x0f)<<(4*0);
main.c: 2 warnings, 0 errors
linking...
Program Size: Code=372 RO-data=320 RW-data=0 ZI-data=1632  
FromELF: creating hex file...
".\Objects\Template-REG.axf" - 0 Error(s), 2 Warning(s).

<h2>Collection of Component include folders:</h2>
  C:\Library\Doing\Project\03FWlib-LED-Homework\RTE
  C:\Software\Keil_v5\ARM\PACK\Keil\STM32F1xx_DFP\1.1.0\Device\Include

<h2>Collection of Component Files used:</h2>
</pre>
</body>
</html>
